// Jest Snapshot v1, https://goo.gl/fbAQLP

exports[`Unit test for getProductsList handler should return all available products 1`] = `
Object {
  "count": 7,
  "description": "Your perfect pack for everyday use and walks in the forest. Stash your laptop (up to 15 inches) in the padded sleeve, your everyday",
  "id": "227445fc-39af-4bb0-95ca-8ca08c683221",
  "price": 109,
  "title": "Fjallraven - Foldsack No. 1 Backpack, Fits 15 Laptops",
}
`;

exports[`Unit test for getProductsList handler should return all available products 2`] = `
Object {
  "count": 2,
  "description": "Slim-fitting style, contrast raglan long sleeve, three-button henley placket, light weight & soft fabric for breathable and comfortable wearing. And Solid stitched shirts with round neck made for durability and a great fit for casual fashion wear and diehard baseball fans. The Henley style round neckline includes a three-button placket.",
  "id": "af64622c-58ee-42ab-8b44-2245121d67f6",
  "price": 22,
  "title": "Mens Casual Premium Slim Fit T-Shirts",
}
`;

exports[`Unit test for getProductsList handler should return all available products 3`] = `
Object {
  "count": 4,
  "description": "great outerwear jackets for Spring/Autumn/Winter, suitable for many occasions, such as working, hiking, camping, mountain/rock climbing, cycling, traveling or other outdoors. Good gift choice for you or your family member. A warm hearted love to Father, husband or son in this thanksgiving or Christmas Day.",
  "id": "1f2ab0f0-185d-4274-8a3d-a24fea2d40cf",
  "price": 55,
  "title": "Mens Cotton Jacket",
}
`;

exports[`Unit test for getProductsList handler should return all available products 4`] = `
Object {
  "count": 10,
  "description": "Title2",
  "id": "d54bbeea-f09e-46b2-a9f1-9b8bb2138463",
  "price": 100,
  "title": "Test2",
}
`;

exports[`Unit test for getProductsList handler should return all available products 5`] = `
Object {
  "count": 2,
  "description": "Title3",
  "id": "b1fd6757-9b9e-42fc-920c-908691a88187",
  "price": 150,
  "title": "Test3",
}
`;

exports[`Unit test for getProductsList handler should return all available products 6`] = `
Object {
  "count": 122,
  "description": "Title",
  "id": "cf799471-0e31-4940-86b2-e33940853b4c",
  "price": 6,
  "title": "Test4",
}
`;

exports[`Unit test for getProductsList handler should return all available products 7`] = `
Object {
  "count": 2,
  "description": "Title",
  "id": "262c490a-d717-4e7c-96ec-b998aac88327",
  "price": 11,
  "title": "Test6",
}
`;
