// Jest Snapshot v1, https://goo.gl/fbAQLP

exports[`Unit test for getProductsList handler should return all available products 1`] = `
Object {
  "count": 7,
  "description": "Your perfect pack for everyday use and walks in the forest. Stash your laptop (up to 15 inches) in the padded sleeve, your everyday",
  "id": "1",
  "price": 109.95,
  "title": "Fjallraven - Foldsack No. 1 Backpack, Fits 15 Laptops",
}
`;

exports[`Unit test for getProductsList handler should return all available products 2`] = `
Object {
  "count": 2,
  "description": "Slim-fitting style, contrast raglan long sleeve, three-button henley placket, light weight & soft fabric for breathable and comfortable wearing. And Solid stitched shirts with round neck made for durability and a great fit for casual fashion wear and diehard baseball fans. The Henley style round neckline includes a three-button placket.",
  "id": "2",
  "price": 22.3,
  "title": "Mens Casual Premium Slim Fit T-Shirts ",
}
`;

exports[`Unit test for getProductsList handler should return all available products 3`] = `
Object {
  "count": 4,
  "description": "great outerwear jackets for Spring/Autumn/Winter, suitable for many occasions, such as working, hiking, camping, mountain/rock climbing, cycling, traveling or other outdoors. Good gift choice for you or your family member. A warm hearted love to Father, husband or son in this thanksgiving or Christmas Day.",
  "id": "3",
  "price": 55.99,
  "title": "Mens Cotton Jacket",
}
`;

exports[`Unit test for getProductsList handler should return all available products 4`] = `
Object {
  "count": 1,
  "description": "From our Legends Collection, the Naga was inspired by the mythical water dragon that protects the ocean's pearl. Wear facing inward to be bestowed with love and abundance, or outward for protection.",
  "id": "4",
  "price": 695,
  "title": "John Hardy Women's Legends Naga Gold & Silver Dragon Station Chain Bracelet",
}
`;

exports[`Unit test for getProductsList handler should return all available products 5`] = `
Object {
  "count": 1,
  "description": "Satisfaction Guaranteed. Return or exchange any order within 30 days.Designed and sold by Hafeez Center in the United States. Satisfaction Guaranteed. Return or exchange any order within 30 days.",
  "id": "5",
  "price": 168,
  "title": "Solid Gold Petite Micropave ",
}
`;

exports[`Unit test for getProductsList handler should return all available products 6`] = `
Object {
  "count": 4,
  "description": "Classic Created Wedding Engagement Solitaire Diamond Promise Ring for Her. Gifts to spoil your love more for Engagement, Wedding, Anniversary, Valentine's Day...",
  "id": "6",
  "price": 9.99,
  "title": "White Gold Plated Princess",
}
`;

exports[`Unit test for getProductsList handler should return all available products 7`] = `
Object {
  "count": 5,
  "description": "Rose Gold Plated Double Flared Tunnel Plug Earrings. Made of 316L Stainless Steel",
  "id": "7",
  "price": 10.99,
  "title": "Pierced Owl Rose Gold Plated Stainless Steel Double",
}
`;
